#-----------------------------------------------------------
# Vivado v2024.1 (64-bit)
# SW Build 5076996 on Wed May 22 18:37:14 MDT 2024
# IP Build 5075265 on Wed May 22 21:45:21 MDT 2024
# SharedData Build 5076995 on Wed May 22 18:29:18 MDT 2024
# Start of session at: Mon Sep 22 22:06:30 2025
# Process ID: 13224
# Current directory: C:/Users/Jake_Webb2/Box/Classes/Graduate/SOC/lab2/lab2.runs/synth_1
# Command line: vivado.exe -log top.vds -product Vivado -mode batch -messageDb vivado.pb -notrace -source top.tcl
# Log file: C:/Users/Jake_Webb2/Box/Classes/Graduate/SOC/lab2/lab2.runs/synth_1/top.vds
# Journal file: C:/Users/Jake_Webb2/Box/Classes/Graduate/SOC/lab2/lab2.runs/synth_1\vivado.jou
# Running On        :ECS-ROG-112-22
# Platform          :Windows Server 2016 or Windows 10
# Operating System  :22631
# Processor Detail  :Intel(R) Core(TM) i7-14700
# CPU Frequency     :2112 MHz
# CPU Physical cores:20
# CPU Logical cores :28
# Host memory       :34031 MB
# Swap memory       :5100 MB
# Total Virtual     :39131 MB
# Available Virtual :27127 MB
#-----------------------------------------------------------
source top.tcl -notrace
